// Jest Snapshot v1, https://goo.gl/fbAQLP

exports[`Login Page should render without throwing an error 1`] = `
<div>
  <div>
    <div
      className="mantine-1e207za"
      style={
        Object {
          "display": "flex",
        }
      }
    >
      <div
        className="mantine-8od8ev"
      >
        <svg
          fill="none"
          height="28"
          viewBox="0 0 37 28"
          width="37"
          xmlns="http://www.w3.org/2000/svg"
        >
          <path
            d="M36.435 13.3436C36.0056 11.281 31.7249 10.306 25.7978 10.6004C24.9121 9.63731 23.873 8.82758 22.7227 8.20408C22.9871 8.00719 23.2158 7.82906 23.4446 7.66218C25.2803 6.27464 26.3022 3.45268 25.7059 1.24573C25.6347 0.979474 25.2409 0.619463 24.9878 0.611963C23.769 0.572586 22.5258 0.512584 21.3277 0.701965C19.3926 1.01135 18.3557 1.93013 17.0357 4.07707C16.3625 3.61581 15.7231 3.05329 14.99 2.72515C14.5071 2.52468 14.0043 2.37634 13.4899 2.28264C13.3709 2.25718 13.2477 2.25867 13.1294 2.28701C13.011 2.31534 12.9005 2.3698 12.8059 2.4464C12.7114 2.52299 12.6351 2.61977 12.5828 2.72965C12.5305 2.83953 12.5035 2.95972 12.5036 3.08141C12.5027 3.27127 12.5692 3.45531 12.6911 3.60081C12.8137 3.74646 12.9824 3.84573 13.1693 3.88206C14.9468 4.2177 16.1694 5.22836 16.5444 7.2703C13.2593 7.96782 10.8648 9.93663 9.53542 12.408C9.47542 12.5167 9.41917 12.6236 9.36479 12.7342C9.33666 12.7942 9.30479 12.8542 9.27854 12.9217C9.26001 12.9547 9.24433 12.9892 9.23166 13.0249C9.20353 13.0867 9.17353 13.1467 9.14916 13.2124C9.12478 13.278 9.09103 13.338 9.06478 13.3999C9.01603 13.5217 8.9654 13.6417 8.92228 13.7749C8.8979 13.8443 8.87352 13.9155 8.85102 13.9868C8.82852 14.058 8.81352 14.0936 8.79665 14.1461C8.79665 14.1461 8.79665 14.1461 8.79665 14.1593C3.24085 16.2593 -0.295514 18.8657 0.131999 20.9282C0.559513 22.9908 4.8384 23.9658 10.7598 23.6714C11.1771 24.1646 11.6363 24.6207 12.1324 25.0346L12.1492 25.0477C12.8792 25.62 13.6859 26.0871 14.5456 26.4353C15.7064 26.8869 16.9433 27.1109 18.1888 27.0953H18.2994C20.2376 27.111 22.1376 26.5567 23.7634 25.5015C23.8515 25.4434 23.9377 25.3852 24.024 25.3252C25.4565 24.1852 26.5516 22.9102 27.2678 21.4814C27.2668 21.4783 27.2668 21.475 27.2678 21.472C27.4867 21.0311 27.6698 20.5734 27.8154 20.1032C33.3468 18.0013 36.8625 15.4006 36.435 13.3436ZM23.979 2.30139C24.4084 4.89835 22.7565 6.95904 19.9101 7.16154C20.4726 6.69653 20.9752 6.27839 21.4908 5.849C21.656 5.71125 21.7603 5.51393 21.781 5.29982C21.8017 5.08572 21.7372 4.87208 21.6014 4.70521L21.5845 4.68459C21.4489 4.5196 21.254 4.41426 21.0416 4.39114C20.8293 4.36801 20.6163 4.42892 20.4483 4.56084L18.4326 6.14714C18.1382 3.63456 20.7633 1.8495 23.9771 2.30139H23.979ZM18.2357 25.4115C17.2763 25.4076 16.3249 25.2382 15.4231 24.9108C15.3931 24.9015 15.3631 24.8883 15.335 24.8752C14.4744 24.5516 13.674 24.0864 12.9668 23.4989C15.1299 23.2855 17.2795 22.9525 19.4057 22.5014C21.5335 22.0616 23.6355 21.5051 25.7022 20.8345C25.0092 22.2185 23.9425 23.3808 22.6229 24.1897C21.3033 24.9987 19.7835 25.4219 18.2357 25.4115V25.4115ZM28.1622 18.4738C27.5847 18.7013 26.9753 18.925 26.3341 19.145C23.9689 19.9465 21.556 20.5996 19.1095 21.1007C16.6681 21.617 14.197 21.9815 11.7105 22.192C11.043 22.2483 10.3979 22.2839 9.77918 22.3045C5.45342 22.4583 2.46645 21.8358 2.18894 20.4857C1.91143 19.1357 4.39401 17.3694 8.42726 15.7812C8.98978 15.5543 9.60105 15.3349 10.2292 15.1174C10.3761 14.528 10.5887 13.9569 10.863 13.4149C11.7987 11.5644 13.3904 10.1291 15.3275 9.38911L15.4362 9.34786C15.9397 9.16309 16.4605 9.02929 16.9907 8.94847L17.1519 10.636C17.1734 10.8578 17.2767 11.0637 17.4417 11.2135C17.6067 11.3632 17.8216 11.4462 18.0444 11.4461C18.0731 11.4481 18.102 11.4481 18.1307 11.4461C18.248 11.435 18.362 11.4009 18.4661 11.3457C18.5702 11.2905 18.6623 11.2152 18.7373 11.1242C18.8122 11.0333 18.8684 10.9284 18.9027 10.8157C18.9369 10.7029 18.9486 10.5845 18.937 10.4673L18.7851 8.86784C19.9646 8.94211 21.1149 9.26621 22.1596 9.81866C23.2044 10.3711 24.1198 11.1393 24.8453 12.0723C25.5278 12.0161 26.1859 11.9786 26.8141 11.9579C31.1267 11.8061 34.0968 12.4323 34.3799 13.7786C34.6631 15.1249 32.1805 16.8762 28.1622 18.47V18.4738Z"
            fill="#006C53"
          />
          <path
            d="M19.9083 7.16155C20.4708 6.69653 20.9733 6.27839 21.489 5.849C21.6542 5.71125 21.7584 5.51393 21.7791 5.29983C21.7998 5.08572 21.7353 4.87208 21.5996 4.70522L21.5827 4.68459C21.447 4.5196 21.2522 4.41427 21.0398 4.39114C20.8274 4.36801 20.6145 4.42892 20.4464 4.56084L18.4307 6.14714C18.1382 3.63081 20.7633 1.84575 23.9772 2.29764C24.4066 4.90022 22.7546 6.95904 19.9083 7.16155Z"
            fill="#006C53"
          />
          <path
            d="M10.6117 20.285C9.42291 20.0975 8.66914 19.7225 8.54913 19.1599C8.42913 18.5974 8.9729 17.9562 9.98356 17.3018C10.0072 18.3264 10.2202 19.3378 10.6117 20.285Z"
            fill="#006C53"
          />
          <path
            d="M26.5778 16.9567C26.5576 15.9306 26.3452 14.9175 25.9515 13.9697C27.1422 14.1572 27.8978 14.5435 28.0141 15.0948C28.1304 15.646 27.5885 16.3042 26.5778 16.9567Z"
            fill="#006C53"
          />
        </svg>
        <div
          className="mantine-vem4j3"
        />
        <svg
          fill="none"
          height="23"
          viewBox="0 0 149 23"
          width="149"
          xmlns="http://www.w3.org/2000/svg"
        >
          <path
            d="M16.1602 1.45676C16.2962 1.60317 16.4016 1.7753 16.4702 1.96303C16.5388 2.15075 16.5692 2.35029 16.5596 2.54992V16.4722C16.5702 16.6611 16.5425 16.8502 16.478 17.0281C16.4136 17.206 16.3137 17.369 16.1846 17.5073C16.054 17.6336 15.899 17.7321 15.7291 17.7966C15.5592 17.861 15.3779 17.8902 15.1964 17.8823C15.0184 17.8915 14.8404 17.8628 14.6743 17.7982C14.5081 17.7335 14.3576 17.6344 14.2326 17.5073C13.9848 17.2213 13.8584 16.85 13.8801 16.4722V6.7838L9.88248 14.3572C9.735 14.6525 9.52668 14.9132 9.27121 15.1222C9.04714 15.2886 8.774 15.3757 8.49493 15.3697C8.2178 15.3764 7.94579 15.2942 7.71866 15.1353C7.45762 14.9273 7.24838 14.6616 7.10739 14.359L3.08352 6.90193V16.4647C3.10119 16.8405 2.97056 17.2081 2.71975 17.4885C2.59486 17.6176 2.44412 17.7189 2.2774 17.7858C2.11068 17.8527 1.93172 17.8836 1.75222 17.8766C1.57419 17.8859 1.39622 17.8572 1.23009 17.7926C1.06395 17.7279 0.913415 17.6288 0.788439 17.5016C0.540667 17.2157 0.414206 16.8443 0.435932 16.4666V2.55179C0.41681 2.15059 0.556215 1.75795 0.824065 1.45863C0.959537 1.32013 1.12283 1.21192 1.30318 1.14114C1.48353 1.07035 1.67684 1.03861 1.87035 1.048C2.48162 1.048 2.95976 1.38488 3.30477 2.05865L8.52681 12.0077L13.7245 2.05865C14.0695 1.38488 14.532 1.048 15.112 1.048C15.3054 1.04043 15.4983 1.07282 15.6787 1.14315C15.859 1.21348 16.0229 1.32024 16.1602 1.45676V1.45676Z"
            fill="black"
          />
          <path
            d="M28.4249 6.23225C28.632 6.1 28.8729 6.03034 29.1187 6.03162C29.477 6.03096 29.8234 6.16019 30.0937 6.39538C30.2308 6.50289 30.3413 6.64048 30.4168 6.79751C30.4922 6.95455 30.5305 7.12683 30.5287 7.30103C30.5249 7.49018 30.4767 7.67578 30.3881 7.84292L23.9679 21.2965C23.8646 21.5396 23.6903 21.746 23.4678 21.8885C23.2454 22.031 22.9851 22.1031 22.721 22.0952C22.3728 22.0996 22.0347 21.9785 21.7685 21.754C21.6383 21.6523 21.5335 21.5218 21.4622 21.3728C21.391 21.2238 21.3553 21.0603 21.3578 20.8952C21.3649 20.6921 21.4127 20.4925 21.4984 20.3083L23.0979 16.9388L18.7234 7.8373C18.6419 7.66849 18.6014 7.48282 18.6052 7.29541C18.6054 7.11742 18.6471 6.94191 18.7268 6.78278C18.8065 6.62364 18.9222 6.48524 19.0646 6.3785C19.3576 6.13288 19.7286 5.9999 20.1109 6.00349C20.3679 6.00132 20.6205 6.0708 20.8403 6.20412C21.073 6.35316 21.2538 6.57064 21.3578 6.82664L24.6504 14.0944L27.9186 6.85102C28.0217 6.59874 28.198 6.38318 28.4249 6.23225Z"
            fill="black"
          />
          <path
            d="M32.94 17.4622C32.8012 17.3146 32.6933 17.1406 32.6228 16.9506C32.5523 16.7606 32.5205 16.5584 32.5293 16.356V2.59865C32.5175 2.40514 32.5459 2.21127 32.6127 2.02926C32.6795 1.84726 32.7833 1.68106 32.9175 1.54112C33.0623 1.4109 33.2314 1.3107 33.4152 1.24632C33.599 1.18195 33.7937 1.15469 33.9881 1.16611H42.2384C43.1947 1.16611 43.6728 1.57362 43.6728 2.38864C43.6728 3.20367 43.1947 3.60368 42.2384 3.58868H35.5163V8.10382H41.7715C42.7278 8.10382 43.2059 8.51134 43.2059 9.32636C43.2059 10.1414 42.7278 10.5414 41.7715 10.5264H35.5163V16.3578C35.5342 16.7648 35.3907 17.1624 35.1169 17.4641C34.9767 17.6071 34.8078 17.7187 34.6213 17.7918C34.4348 17.8648 34.235 17.8976 34.035 17.8879C33.8329 17.8969 33.6312 17.8638 33.4426 17.7905C33.2541 17.7172 33.0829 17.6054 32.94 17.4622V17.4622Z"
            fill="black"
          />
          <path
            d="M47.5036 17.203C46.6235 16.7258 45.9055 15.9973 45.4411 15.1104C44.9379 14.1293 44.6872 13.0383 44.7117 11.936C44.6857 10.8365 44.9366 9.74811 45.4411 8.77086C45.9084 7.88895 46.626 7.16484 47.5036 6.68955C48.4644 6.20974 49.5236 5.95996 50.5975 5.95996C51.6714 5.95996 52.7306 6.20974 53.6913 6.68955C54.5654 7.16394 55.2778 7.88872 55.737 8.77086C56.2336 9.74989 56.4804 10.8366 56.4552 11.9341C56.4793 13.0351 56.2327 14.1252 55.737 15.1086C55.2808 15.9962 54.568 16.7261 53.6913 17.203C52.7306 17.6828 51.6714 17.9326 50.5975 17.9326C49.5236 17.9326 48.4644 17.6828 47.5036 17.203ZM52.7538 14.7092C53.2538 14.0842 53.5038 13.1591 53.5038 11.9341C53.5038 10.709 53.2538 9.78777 52.7538 9.17025C52.2538 8.53523 51.5325 8.21772 50.59 8.21772C49.6474 8.21772 48.9224 8.53523 48.4149 9.17025C47.9049 9.80527 47.6499 10.7265 47.6499 11.9341C47.6499 13.1416 47.8999 14.0667 48.3999 14.7092C48.8999 15.3342 49.6212 15.6467 50.5637 15.6467C51.5063 15.6467 52.2363 15.3342 52.7538 14.7092V14.7092Z"
            fill="black"
          />
          <path
            d="M61.0228 17.2031C60.1427 16.7259 59.4247 15.9974 58.9602 15.1105C58.4571 14.1294 58.2064 13.0384 58.2308 11.936C58.2052 10.8372 58.456 9.74951 58.9602 8.77282C59.4276 7.8909 60.1451 7.16679 61.0228 6.6915C61.9836 6.21169 63.0427 5.96191 64.1166 5.96191C65.1905 5.96191 66.2497 6.21169 67.2105 6.6915C68.0835 7.16579 68.7952 7.88983 69.2543 8.77094C69.7508 9.75003 69.9975 10.8367 69.9724 11.9342C69.9968 13.0358 69.7502 14.1265 69.2543 15.1105C68.7977 15.9974 68.085 16.7265 67.2086 17.2031C66.2479 17.6829 65.1887 17.9327 64.1148 17.9327C63.0409 17.9327 61.9817 17.6829 61.0209 17.2031H61.0228ZM66.273 14.7093C66.773 14.0842 67.023 13.1592 67.023 11.9342C67.023 10.7091 66.773 9.78785 66.273 9.17033C65.7729 8.53531 65.0517 8.2178 64.1091 8.2178C63.1666 8.2178 62.4441 8.53594 61.9416 9.1722C61.4316 9.80722 61.1766 10.7285 61.1766 11.936C61.1766 13.1436 61.4266 14.0686 61.9266 14.7111C62.4266 15.3361 63.1479 15.6487 64.0904 15.6487C65.0329 15.6487 65.7623 15.3355 66.2786 14.7093H66.273Z"
            fill="black"
          />
          <path
            d="M83.0716 1.42238C83.2108 1.54555 83.3211 1.69805 83.3943 1.86891C83.4676 2.03978 83.5021 2.22475 83.4953 2.41054V16.4735C83.5041 16.6606 83.473 16.8475 83.4041 17.0217C83.3353 17.1959 83.2302 17.3535 83.096 17.4841C82.7969 17.7276 82.4231 17.8606 82.0375 17.8606C81.6519 17.8606 81.278 17.7276 80.979 17.4841C80.8441 17.354 80.7387 17.1964 80.6698 17.0221C80.6009 16.8478 80.5702 16.6607 80.5796 16.4735V15.8866C80.2376 16.5229 79.7159 17.0446 79.0796 17.3866C78.398 17.7556 77.6326 17.9423 76.8576 17.9285C75.9212 17.9439 75.001 17.683 74.2119 17.1785C73.4177 16.6562 72.7893 15.9178 72.4006 15.0503C71.9532 14.0569 71.7322 12.9764 71.7538 11.8871C71.7299 10.809 71.9511 9.73964 72.4006 8.75949C72.7846 7.90529 73.4126 7.18373 74.2057 6.6856C74.9988 6.18747 75.9214 5.93503 76.8576 5.96003C77.6262 5.94533 78.3862 6.12324 79.0683 6.47754C79.695 6.80728 80.2103 7.31478 80.5496 7.93634V2.36179C80.5429 2.18454 80.574 2.0079 80.6409 1.84364C80.7078 1.67938 80.809 1.53129 80.9378 1.40926C81.2255 1.15586 81.6011 1.02528 81.984 1.0455C82.3812 1.02887 82.7699 1.16356 83.0716 1.42238V1.42238ZM79.8146 14.6884C80.3234 14.0459 80.5784 13.1284 80.5796 11.9358C80.5809 10.7433 80.3259 9.83015 79.8146 9.19638C79.3046 8.56136 78.5871 8.24385 77.6621 8.24385C76.737 8.24385 76.0076 8.55636 75.4739 9.18138C74.9563 9.8064 74.6976 10.7077 74.6976 11.8852C74.6976 13.0628 74.9563 13.9878 75.4739 14.6603C75.9914 15.3191 76.7126 15.6485 77.6377 15.6485C78.5627 15.6485 79.2883 15.3284 79.8146 14.6884Z"
            fill="black"
          />
          <path
            d="M87.1986 17.4735C87.0566 17.3242 86.9468 17.1473 86.8761 16.9537C86.8055 16.7602 86.7755 16.5541 86.788 16.3485V2.59865C86.7763 2.40515 86.8047 2.21131 86.8715 2.02932C86.9383 1.84733 87.042 1.68112 87.1761 1.54112C87.3209 1.4109 87.4901 1.3107 87.6739 1.24632C87.8576 1.18195 88.0524 1.15469 88.2468 1.16611H94.0332C95.8045 1.16611 97.1846 1.60925 98.1733 2.49552C99.1621 3.3818 99.6559 4.62434 99.6546 6.22314C99.6546 7.82194 99.1609 9.06822 98.1733 9.962C97.1858 10.8558 95.8058 11.3027 94.0332 11.3027H89.8218V16.3653C89.8379 16.5701 89.8094 16.7759 89.7383 16.9686C89.6672 17.1613 89.5551 17.3363 89.4099 17.4816C89.2646 17.6268 89.0897 17.7388 88.897 17.81C88.7042 17.8811 88.4984 17.9096 88.2936 17.8935C88.0921 17.9019 87.891 17.869 87.7027 17.7968C87.5143 17.7246 87.3428 17.6145 87.1986 17.4735V17.4735ZM96.7821 6.25126C96.7821 4.43246 95.7395 3.52305 93.6545 3.52305H89.8218V8.97947H93.6545C95.7395 8.97447 96.7821 8.06507 96.7821 6.25126Z"
            fill="black"
          />
          <path
            d="M102.462 17.5203C102.32 17.3868 102.21 17.2239 102.14 17.043C102.069 16.8622 102.038 16.6679 102.051 16.4741V2.43362C102.038 2.24137 102.068 2.04857 102.139 1.86944C102.21 1.69031 102.32 1.5294 102.462 1.39859C102.755 1.15685 103.128 1.03141 103.508 1.04608C103.891 1.03279 104.267 1.15792 104.565 1.39859C104.71 1.52738 104.824 1.6876 104.897 1.867C104.971 2.04639 105.002 2.24021 104.989 2.43362V16.4741C105.001 16.669 104.969 16.8641 104.896 17.0451C104.822 17.2261 104.709 17.3885 104.565 17.5203C104.27 17.7683 103.893 17.8985 103.508 17.886C103.126 17.9001 102.752 17.7695 102.462 17.5203V17.5203Z"
            fill="black"
          />
          <path
            d="M116.573 7.14908C117.35 7.94161 117.738 9.14477 117.738 10.7586V16.4963C117.748 16.6797 117.72 16.8633 117.655 17.0353C117.591 17.2073 117.491 17.3641 117.363 17.4957C117.223 17.6217 117.059 17.7187 116.882 17.7811C116.704 17.8436 116.516 17.8702 116.328 17.8594C116.144 17.8667 115.962 17.8373 115.79 17.7729C115.618 17.7085 115.461 17.6104 115.328 17.4844C115.198 17.3558 115.097 17.2015 115.03 17.0313C114.963 16.8612 114.932 16.6789 114.94 16.4963V15.9787C114.684 16.5785 114.243 17.0809 113.682 17.4132C113.08 17.766 112.392 17.9451 111.694 17.9307C110.97 17.9403 110.253 17.779 109.602 17.46C109.001 17.1696 108.489 16.7227 108.121 16.1662C107.761 15.6228 107.572 14.9841 107.579 14.3324C107.579 13.4862 107.794 12.8199 108.226 12.3336C108.657 11.8474 109.359 11.4948 110.331 11.2761C111.304 11.0573 112.644 10.9473 114.353 10.9461H114.94V10.4061C114.94 9.63729 114.776 9.07477 114.447 8.71851C114.118 8.36225 113.585 8.18599 112.848 8.18974C112.378 8.19218 111.911 8.25971 111.46 8.39037C110.99 8.52413 110.433 8.71601 109.789 8.96601C109.515 9.12738 109.211 9.23136 108.895 9.27165C108.764 9.27527 108.634 9.24973 108.514 9.19688C108.394 9.14402 108.287 9.06517 108.201 8.96601C108.014 8.74302 107.918 8.45793 107.931 8.16724C107.925 7.9211 107.994 7.67896 108.13 7.47347C108.308 7.23955 108.538 7.05019 108.801 6.92033C109.42 6.59698 110.081 6.35978 110.764 6.2153C111.502 6.04534 112.257 5.95855 113.014 5.95654C114.611 5.95904 115.797 6.35656 116.573 7.14908ZM114.198 15.0243C114.7 14.4728 114.966 13.7465 114.938 13.0011V12.508H114.514C113.7 12.4936 112.885 12.5406 112.077 12.6486C111.497 12.7424 111.081 12.9068 110.83 13.1418C110.703 13.2666 110.603 13.4171 110.539 13.5833C110.474 13.7495 110.446 13.9275 110.455 14.1056C110.448 14.3376 110.492 14.5684 110.583 14.7818C110.674 14.9952 110.811 15.1861 110.984 15.3412C111.343 15.6651 111.813 15.8377 112.296 15.8231C112.651 15.8325 113.004 15.7665 113.332 15.6295C113.66 15.4925 113.955 15.2875 114.198 15.0281V15.0243Z"
            fill="black"
          />
          <path
            d="M130.484 7.13788C131.158 7.92166 131.495 9.10544 131.495 10.6892V16.4757C131.505 16.6657 131.476 16.8558 131.41 17.0339C131.343 17.2121 131.24 17.3744 131.107 17.5107C130.962 17.6408 130.793 17.741 130.609 17.8054C130.425 17.8697 130.231 17.897 130.036 17.8857C129.64 17.9071 129.252 17.7724 128.954 17.5107C128.818 17.3762 128.712 17.2145 128.644 17.036C128.575 16.8576 128.544 16.6666 128.555 16.4757V10.8505C128.555 9.95672 128.386 9.30607 128.049 8.89856C127.711 8.49105 127.182 8.28729 126.46 8.28729C125.614 8.28729 124.936 8.55355 124.426 9.08607C123.916 9.61858 123.661 10.3317 123.661 11.2255V16.4757C123.669 16.6655 123.637 16.8549 123.568 17.0316C123.498 17.2083 123.392 17.3684 123.256 17.5013C122.958 17.7629 122.57 17.8975 122.174 17.8763C121.98 17.8878 121.785 17.8605 121.601 17.7961C121.417 17.7318 121.248 17.6316 121.103 17.5013C120.971 17.3651 120.868 17.2027 120.801 17.0246C120.734 16.8464 120.705 16.6563 120.715 16.4663V7.37601C120.708 7.19237 120.739 7.00924 120.808 6.83883C120.877 6.66843 120.982 6.51468 121.115 6.38786C121.412 6.12614 121.801 5.99151 122.197 6.01285C122.565 5.99819 122.924 6.12885 123.196 6.37661C123.325 6.49864 123.426 6.64673 123.493 6.81099C123.56 6.97525 123.591 7.1519 123.584 7.32914V7.96478C123.962 7.3351 124.507 6.8224 125.159 6.48349C125.85 6.13094 126.617 5.95324 127.392 5.96597C128.78 5.96222 129.811 6.35286 130.484 7.13788Z"
            fill="black"
          />
          <path
            d="M134.671 3.47963C134.516 3.33457 134.393 3.15765 134.312 2.96092C134.23 2.76419 134.193 2.55227 134.201 2.33959C134.192 2.12908 134.23 1.91929 134.311 1.72494C134.393 1.53059 134.516 1.35639 134.671 1.21455C135.036 0.939697 135.48 0.791016 135.936 0.791016C136.392 0.791016 136.836 0.939697 137.201 1.21455C137.359 1.35476 137.485 1.52839 137.568 1.72294C137.651 1.91749 137.691 2.1281 137.683 2.33959C137.691 2.55227 137.653 2.76419 137.572 2.96092C137.49 3.15765 137.368 3.33457 137.212 3.47963C136.849 3.76321 136.402 3.91727 135.942 3.91727C135.481 3.91727 135.034 3.76321 134.671 3.47963V3.47963ZM134.894 17.5201C134.753 17.3866 134.643 17.2236 134.572 17.0427C134.501 16.8619 134.471 16.6676 134.484 16.4738V7.39662C134.47 7.20437 134.5 7.01158 134.572 6.83245C134.643 6.65331 134.753 6.49241 134.894 6.36159C135.188 6.1197 135.561 5.99424 135.941 6.00908C136.324 5.9958 136.7 6.12092 136.998 6.36159C137.143 6.49039 137.257 6.65061 137.33 6.83C137.404 7.0094 137.435 7.20321 137.422 7.39662V16.4757C137.434 16.6706 137.402 16.8657 137.328 17.0467C137.255 17.2277 137.142 17.3901 136.998 17.5219C136.703 17.7699 136.326 17.9001 135.941 17.8876C135.558 17.9011 135.185 17.7699 134.894 17.5201V17.5201Z"
            fill="black"
          />
          <path
            d="M148.101 16.7514C148.108 16.9226 148.069 17.0926 147.988 17.2437C147.908 17.3947 147.788 17.5213 147.641 17.6102C147.335 17.8064 146.897 17.8889 146.329 17.8577L145.693 17.8108C143.059 17.6221 141.742 16.2108 141.742 13.5769V8.45427H140.567C140.218 8.4761 139.874 8.37599 139.591 8.17114C139.373 7.95279 139.251 7.65671 139.251 7.34799C139.251 7.03927 139.373 6.74319 139.591 6.52484C139.874 6.32066 140.219 6.22121 140.567 6.24358H141.742V4.07976C141.733 3.89255 141.763 3.70549 141.832 3.53116C141.901 3.35683 142.007 3.19928 142.142 3.06911C142.439 2.80738 142.828 2.67275 143.223 2.69409C143.611 2.67579 143.991 2.81044 144.281 3.06911C144.415 3.19972 144.52 3.35734 144.589 3.53156C144.658 3.70578 144.689 3.89263 144.68 4.07976V6.25108H146.694C147.042 6.22871 147.387 6.32816 147.669 6.53234C147.887 6.75069 148.01 7.04677 148.01 7.35549C148.01 7.66421 147.887 7.96029 147.669 8.17864C147.387 8.38349 147.042 8.4836 146.694 8.46177H144.695V13.8001C144.695 14.9601 145.229 15.5795 146.295 15.6583L146.93 15.7051C147.71 15.7476 148.101 16.0964 148.101 16.7514Z"
            fill="black"
          />
        </svg>
      </div>
    </div>
    <div
      className="mantine-8od8ev"
      style={
        Object {
          "height": "75vh",
        }
      }
    >
      <div
        className="mantine-1avyp1d"
        style={
          Object {
            "minWidth": 478,
          }
        }
      >
        <div
          className="mantine-Text-root mantine-12uzmba"
          style={
            Object {
              "fontSize": "35px",
            }
          }
        >
          Login into my account
        </div>
        <div
          className="mantine-Text-root mantine-792bre"
        >
          Lorem ipsum dolor sit amet, consectetur adipiscing elit.
        </div>
        <div
          className="mantine-1avyp1d"
          style={
            Object {
              "display": "flex",
            }
          }
        >
          <div
            className="mantine-Text-root mantine-792bre"
          >
            Venenatis justo or 
          </div>
          <a
            className="mantine-Text-root mantine-Anchor-root mantine-1bz3jc8"
            href="/register/welcome"
            onClick={[Function]}
            onMouseEnter={[Function]}
          >
            create an account
          </a>
        </div>
        <div
          className="mantine-Input-wrapper mantine-pagcwe"
        >
          <input
            className="mantine-Input-defaultVariant mantine-Input-input mantine-dv8xfa"
            placeholder="Email address"
          />
        </div>
        <div
          className="mantine-PasswordInput-root mantine-n1god8"
        >
          <div
            className="mantine-PasswordInput-wrapper mantine-12sbrde"
          >
            <div
              aria-invalid={false}
              className="mantine-PasswordInput-defaultVariant mantine-PasswordInput-input mantine-PasswordInput-input mantine-v81ttp"
            >
              <input
                className="mantine-1k7u32y mantine-PasswordInput-innerInput"
                id=""
                placeholder="Password"
                type="password"
              />
            </div>
            <div
              className="mantine-go4cmg mantine-PasswordInput-rightSection"
            >
              <button
                aria-hidden={true}
                className="mantine-ActionIcon-hover mantine-ActionIcon-root mantine-PasswordInput-visibilityToggle mantine-jg2tz4"
                disabled={false}
                onKeyDown={[Function]}
                onMouseDown={[Function]}
                tabIndex={-1}
                type="button"
              >
                <svg
                  fill="none"
                  height="24"
                  viewBox="0 0 24 24"
                  width="24"
                  xmlns="http://www.w3.org/2000/svg"
                >
                  <path
                    d="M12 16.3299C9.61 16.3299 7.67 14.3899 7.67 11.9999C7.67 9.60992 9.61 7.66992 12 7.66992C14.39 7.66992 16.33 9.60992 16.33 11.9999C16.33 14.3899 14.39 16.3299 12 16.3299ZM12 9.16992C10.44 9.16992 9.17 10.4399 9.17 11.9999C9.17 13.5599 10.44 14.8299 12 14.8299C13.56 14.8299 14.83 13.5599 14.83 11.9999C14.83 10.4399 13.56 9.16992 12 9.16992Z"
                    fill="#7A8394"
                  />
                  <path
                    d="M12 21.02C8.24 21.02 4.69 18.82 2.25 15C1.19 13.35 1.19 10.66 2.25 8.99998C4.7 5.17998 8.25 2.97998 12 2.97998C15.75 2.97998 19.3 5.17998 21.74 8.99998C22.8 10.65 22.8 13.34 21.74 15C19.3 18.82 15.75 21.02 12 21.02ZM12 4.47998C8.77 4.47998 5.68 6.41998 3.52 9.80998C2.77 10.98 2.77 13.02 3.52 14.19C5.68 17.58 8.77 19.52 12 19.52C15.23 19.52 18.32 17.58 20.48 14.19C21.23 13.02 21.23 10.98 20.48 9.80998C18.32 6.41998 15.23 4.47998 12 4.47998Z"
                    fill="#7A8394"
                  />
                </svg>
              </button>
            </div>
          </div>
        </div>
        <div
          className="mantine-1avyp1d"
          style={
            Object {
              "display": "flex",
              "justifyContent": "space-between",
            }
          }
        >
          <div
            className="mantine-Group-root mantine-6y1794"
          >
            <div
              className="mantine-Checkbox-root mantine-Group-child mantine-1y83pj9"
            >
              <div
                className="mantine-qbjb2s mantine-Checkbox-inner"
              >
                <input
                  className="mantine-1blcvqd mantine-Checkbox-input"
                  id=""
                  type="checkbox"
                />
                <svg
                  className="__mantine-ref-icon mantine-180iq9w mantine-Checkbox-icon"
                  fill="none"
                  viewBox="0 0 10 7"
                  xmlns="http://www.w3.org/2000/svg"
                >
                  <path
                    clipRule="evenodd"
                    d="M4 4.586L1.707 2.293A1 1 0 1 0 .293 3.707l3 3a.997.997 0 0 0 1.414 0l5-5A1 1 0 1 0 8.293.293L4 4.586z"
                    fill="currentColor"
                    fillRule="evenodd"
                  />
                </svg>
              </div>
            </div>
            <div
              className="mantine-Text-root mantine-Group-child mantine-gudily"
            >
              Remember me
            </div>
          </div>
          <div
            className="mantine-Group-root mantine-13rct42"
          >
            <a
              className="mantine-Text-root mantine-Anchor-root mantine-c733fm"
              href="/reset-password"
              onClick={[Function]}
              onMouseEnter={[Function]}
            >
              Forgot password?
            </a>
          </div>
        </div>
        <div
          className="mantine-1abaxj2"
          href="/dashboard"
          onClick={[Function]}
          onMouseEnter={[Function]}
        >
          <button
            className="mantine-1xr2cqi"
            type="button"
          >
            Login
          </button>
        </div>
        <div
          className="mantine-Divider-root mantine-Divider-horizontal mantine-Divider-withLabel mantine-1q240ww"
        >
          <div
            className="mantine-Text-root mantine-Divider-label mantine-1pniknv"
          >
            OR
          </div>
        </div>
        <button
          className="mantine-Button-default mantine-Button-root mantine-15hlf0b"
          onTouchStart={[Function]}
          type="button"
        >
          <div
            className="mantine-3xbgk5 mantine-Button-inner"
          >
            <span
              className="mantine-qo1k2 mantine-Button-label"
              style={
                Object {
                  "textTransform": undefined,
                }
              }
            >
              <span
                style={
                  Object {
                    "background": "none",
                    "border": 0,
                    "boxSizing": "border-box",
                    "display": "inline-block",
                    "height": "initial",
                    "margin": 0,
                    "maxWidth": "100%",
                    "opacity": 1,
                    "overflow": "hidden",
                    "padding": 0,
                    "position": "relative",
                    "width": "initial",
                  }
                }
              >
                <span
                  style={
                    Object {
                      "background": "none",
                      "border": 0,
                      "boxSizing": "border-box",
                      "display": "block",
                      "height": "initial",
                      "margin": 0,
                      "maxWidth": "100%",
                      "opacity": 1,
                      "padding": 0,
                      "width": "initial",
                    }
                  }
                >
                  <img
                    alt=""
                    aria-hidden={true}
                    src="data:image/svg+xml,%3csvg%20xmlns=%27http://www.w3.org/2000/svg%27%20version=%271.1%27%20width=%2720%27%20height=%2720%27/%3e"
                    style={
                      Object {
                        "background": "none",
                        "border": 0,
                        "display": "block",
                        "height": "initial",
                        "margin": 0,
                        "maxWidth": "100%",
                        "opacity": 1,
                        "padding": 0,
                        "width": "initial",
                      }
                    }
                  />
                </span>
                <img
                  alt="google logo"
                  data-nimg="intrinsic"
                  decoding="async"
                  src="data:image/gif;base64,R0lGODlhAQABAIAAAAAAAP///yH5BAEAAAAALAAAAAABAAEAAAIBRAA7"
                  style={
                    Object {
                      "border": "none",
                      "bottom": 0,
                      "boxSizing": "border-box",
                      "display": "block",
                      "height": 0,
                      "left": 0,
                      "margin": "auto",
                      "maxHeight": "100%",
                      "maxWidth": "100%",
                      "minHeight": "100%",
                      "minWidth": "100%",
                      "objectFit": undefined,
                      "objectPosition": undefined,
                      "padding": 0,
                      "position": "absolute",
                      "right": 0,
                      "top": 0,
                      "width": 0,
                    }
                  }
                />
                <noscript>
                  <img
                    alt="google logo"
                    data-nimg="intrinsic"
                    decoding="async"
                    loading="lazy"
                    src="/_next/image?url=%2Fimages%2Fgoogle.png&w=48&q=75"
                    srcSet="/_next/image?url=%2Fimages%2Fgoogle.png&w=32&q=75 1x, /_next/image?url=%2Fimages%2Fgoogle.png&w=48&q=75 2x"
                    style={
                      Object {
                        "border": "none",
                        "bottom": 0,
                        "boxSizing": "border-box",
                        "display": "block",
                        "height": 0,
                        "left": 0,
                        "margin": "auto",
                        "maxHeight": "100%",
                        "maxWidth": "100%",
                        "minHeight": "100%",
                        "minWidth": "100%",
                        "objectFit": undefined,
                        "objectPosition": undefined,
                        "padding": 0,
                        "position": "absolute",
                        "right": 0,
                        "top": 0,
                        "width": 0,
                      }
                    }
                  />
                </noscript>
              </span>
              <div
                className="mantine-vem4j3"
              />
              <div
                style={
                  Object {
                    "color": "#0F1514",
                  }
                }
              >
                Login with Google
              </div>
            </span>
          </div>
        </button>
      </div>
    </div>
  </div>
</div>
`;
